// Vitest Snapshot v1

exports[`QfcFooter Component > should render correctly 1`] = `
"<footer data-v-69121660=\\"\\" class=\\"footer py-6\\">
  <div data-v-69121660=\\"\\" class=\\"columns container has-text-left\\">
    <div data-v-69121660=\\"\\" class=\\"column footer__column is-2 is-desktop\\"><a data-v-69121660=\\"\\" class=\\"footer__logo\\"><img data-v-69121660=\\"\\" src=\\"/image-q.svg\\" width=\\"168\\" height=\\"18\\" alt=\\"logo\\"></a></div>
    <div data-v-69121660=\\"\\" class=\\"column footer__column\\">
      <!--v-if-->
      <!--v-if-->
      <qfc-link-stub data-v-69121660=\\"\\" label=\\"link 1\\" href=\\"/link-1\\" isexternallink=\\"false\\" underline=\\"false\\" class=\\"footer__link\\"></qfc-link-stub>
      <qfc-link-stub data-v-69121660=\\"\\" label=\\"link 2\\" href=\\"/link-2\\" isexternallink=\\"false\\" underline=\\"false\\" class=\\"footer__link\\"></qfc-link-stub>
      <qfc-link-stub data-v-69121660=\\"\\" label=\\"link 3\\" href=\\"/link-3\\" isexternallink=\\"false\\" underline=\\"false\\" class=\\"footer__link\\"></qfc-link-stub>
    </div>
    <div data-v-69121660=\\"\\" class=\\"column footer__column\\">
      <div data-v-69121660=\\"\\" class=\\"footer__title h5\\">RÃ©seaux sociaux</div>
      <div data-v-69121660=\\"\\" class=\\"footer__description\\">Suivez-nous pour ne rien manquer !</div>
      <qfc-link-stub data-v-69121660=\\"\\" href=\\"/\\" iconsrc=\\"/twitter.svg\\" isexternallink=\\"false\\" underline=\\"false\\" class=\\"footer__icon\\"></qfc-link-stub>
      <qfc-link-stub data-v-69121660=\\"\\" href=\\"/\\" iconsrc=\\"/linkedin.svg\\" isexternallink=\\"false\\" underline=\\"false\\" class=\\"footer__icon\\"></qfc-link-stub>
    </div>
    <div data-v-69121660=\\"\\" class=\\"column footer__column\\">
      <div data-v-69121660=\\"\\" class=\\"footer__title h5\\">Contact</div>
      <div data-v-69121660=\\"\\" class=\\"footer__description\\">Vous avez une question ?</div>
      <qfc-link-stub data-v-69121660=\\"\\" href=\\"/\\" iconsrc=\\"\\" isexternallink=\\"false\\" underline=\\"false\\"></qfc-link-stub>
    </div>
  </div>
</footer>"
`;
