// Vitest Snapshot v1

exports[`QfcTextField Component > should render correctly 1`] = `
"<div data-v-90f2fe4b=\\"\\" class=\\"text-field\\"><input data-v-90f2fe4b=\\"\\" id=\\"test\\" name=\\"Email\\" type=\\"email\\" placeholder=\\"Email\\" class=\\"text-field__input\\" style=\\"background-color: rgb(35, 35, 35);\\" required=\\"\\" maxlength=\\"4\\" step=\\"5\\" min=\\"1\\" max=\\"3\\" pattern=\\"\\"><label data-v-90f2fe4b=\\"\\" for=\\"test\\" class=\\"text-field__label\\" style=\\"background-color: rgb(35, 35, 35);\\">Email*</label>
  <!--v-if-->
  <p data-v-90f2fe4b=\\"\\" class=\\"text-field__error-message\\"></p>
</div>"
`;
