// Vitest Snapshot v1

exports[`QfcBox Component > should render correctly 1`] = `"<div data-v-e72cc035=\\"\\" class=\\"box\\"></div>"`;
