// Vitest Snapshot v1

exports[`QfcSeparator Component > should render correctly 1`] = `"<hr data-v-32b8b850=\\"\\" class=\\"qfc-separator\\" style=\\"height: 2px;\\">"`;
