// Vitest Snapshot v1

exports[`QfcTag Component > renders correctly 1`] = `"<span data-v-91f8913f=\\"\\" class=\\"qfc-tag tag\\">Tag test</span>"`;
